[0.008s][info][gc] Using G1
[0.772s][info][gc] GC(0) Pause Young (Normal) (G1 Evacuation Pause) 64M->38M(320M) 12.095ms
[1.062s][info][gc] GC(1) Pause Young (Normal) (G1 Evacuation Pause) 70M->40M(320M) 7.292ms
[1.515s][info][gc] GC(2) Pause Young (Concurrent Start) (Metadata GC Threshold) 64M->43M(320M) 7.090ms
[1.515s][info][gc] GC(3) Concurrent Mark Cycle
[1.527s][info][gc] GC(3) Pause Remark 44M->44M(320M) 1.542ms
[1.527s][info][gc] GC(3) Pause Cleanup 44M->44M(320M) 0.003ms
[1.529s][info][gc] GC(3) Concurrent Mark Cycle 13.636ms
[1.843s][info][gc] GC(4) Pause Young (Normal) (G1 Evacuation Pause) 75M->51M(320M) 9.979ms
[2.081s][info][gc] GC(5) Pause Young (Normal) (G1 Evacuation Pause) 83M->57M(320M) 11.990ms
