[0.008s][info][gc] Using G1
[0.767s][info][gc] GC(0) Pause Young (Normal) (G1 Evacuation Pause) 64M->38M(320M) 11.904ms
[1.052s][info][gc] GC(1) Pause Young (Normal) (G1 Evacuation Pause) 70M->40M(320M) 7.607ms
[1.405s][info][gc] GC(2) Pause Young (Normal) (G1 Evacuation Pause) 72M->42M(320M) 6.436ms
[4.020s][info][gc] GC(3) Pause Young (Normal) (G1 Evacuation Pause) 74M->46M(320M) 9.040ms
[4.221s][info][gc] GC(4) Pause Young (Normal) (G1 Evacuation Pause) 78M->46M(320M) 8.928ms
[4.370s][info][gc] GC(5) Pause Young (Concurrent Start) (Metadata GC Threshold) 70M->47M(416M) 9.284ms
[4.371s][info][gc] GC(6) Concurrent Mark Cycle
[4.386s][info][gc] GC(6) Pause Remark 50M->50M(416M) 2.370ms
[4.387s][info][gc] GC(6) Pause Cleanup 50M->50M(416M) 0.004ms
[4.390s][info][gc] GC(6) Concurrent Mark Cycle 19.401ms
[4.958s][info][gc] GC(7) Pause Young (Normal) (G1 Evacuation Pause) 143M->48M(416M) 8.895ms
[5.978s][info][gc] GC(8) Pause Young (Normal) (G1 Evacuation Pause) 240M->52M(416M) 13.077ms
[6.628s][info][gc] GC(9) Pause Young (Normal) (G1 Evacuation Pause) 244M->56M(416M) 12.468ms
[6.688s][info][gc] GC(10) Pause Young (Concurrent Start) (Metadata GC Threshold) 82M->56M(416M) 8.069ms
[6.688s][info][gc] GC(11) Concurrent Mark Cycle
[6.712s][info][gc] GC(11) Pause Remark 67M->67M(416M) 2.597ms
[6.718s][info][gc] GC(11) Pause Cleanup 71M->71M(416M) 0.365ms
[6.721s][info][gc] GC(11) Concurrent Mark Cycle 32.461ms
[7.299s][info][gc] GC(12) Pause Young (Normal) (G1 Evacuation Pause) 248M->57M(512M) 8.399ms
[8.210s][info][gc] GC(13) Pause Young (Normal) (G1 Evacuation Pause) 313M->61M(512M) 8.843ms
[9.174s][info][gc] GC(14) Pause Young (Normal) (G1 Evacuation Pause) 317M->67M(512M) 10.176ms
[10.170s][info][gc] GC(15) Pause Young (Normal) (G1 Evacuation Pause) 323M->71M(512M) 11.400ms
[10.246s][info][gc] GC(16) Pause Young (Concurrent Start) (Metadata GC Threshold) 89M->72M(512M) 13.879ms
[10.246s][info][gc] GC(17) Concurrent Mark Cycle
[10.278s][info][gc] GC(17) Pause Remark 80M->80M(512M) 2.788ms
[10.285s][info][gc] GC(17) Pause Cleanup 80M->80M(512M) 0.342ms
[10.286s][info][gc] GC(17) Concurrent Mark Cycle 39.795ms
[11.020s][info][gc] GC(18) Pause Young (Normal) (G1 Evacuation Pause) 296M->75M(640M) 12.659ms
[12.175s][info][gc] GC(19) Pause Young (Normal) (G1 Evacuation Pause) 395M->78M(640M) 13.556ms
[13.190s][info][gc] GC(20) Pause Young (Normal) (G1 Evacuation Pause) 398M->84M(640M) 12.957ms
[14.123s][info][gc] GC(21) Pause Young (Normal) (G1 Evacuation Pause) 404M->87M(640M) 15.957ms
[15.490s][info][gc] GC(22) Pause Young (Normal) (G1 Evacuation Pause) 407M->92M(768M) 14.277ms
[16.437s][info][gc] GC(23) Pause Young (Normal) (G1 Evacuation Pause) 476M->102M(768M) 15.815ms
[17.540s][info][gc] GC(24) Pause Young (Normal) (G1 Evacuation Pause) 486M->100M(768M) 14.822ms
[18.082s][info][gc] GC(25) Pause Young (Concurrent Start) (Metadata GC Threshold) 249M->104M(768M) 14.630ms
[18.082s][info][gc] GC(26) Concurrent Mark Cycle
[18.169s][info][gc] GC(26) Pause Remark 127M->127M(768M) 12.295ms
[18.195s][info][gc] GC(26) Pause Cleanup 135M->135M(768M) 0.348ms
[18.197s][info][gc] GC(26) Concurrent Mark Cycle 114.742ms
[19.338s][info][gc] GC(27) Pause Young (Prepare Mixed) (G1 Evacuation Pause) 488M->115M(928M) 15.617ms
[19.463s][info][gc] GC(28) Pause Young (Mixed) (G1 Evacuation Pause) 147M->118M(928M) 21.213ms
[21.622s][info][gc] GC(29) Pause Young (Normal) (G1 Evacuation Pause) 630M->170M(928M) 11.116ms
[24.797s][info][gc] GC(30) Pause Young (Normal) (G1 Evacuation Pause) 618M->129M(928M) 8.250ms
