[0.009s][info][gc] Using G1
[0.845s][info][gc] GC(0) Pause Young (Normal) (G1 Evacuation Pause) 64M->38M(320M) 11.926ms
[1.157s][info][gc] GC(1) Pause Young (Normal) (G1 Evacuation Pause) 70M->40M(320M) 7.070ms
[1.625s][info][gc] GC(2) Pause Young (Concurrent Start) (Metadata GC Threshold) 65M->43M(320M) 7.507ms
[1.625s][info][gc] GC(3) Concurrent Mark Cycle
[1.636s][info][gc] GC(3) Pause Remark 44M->44M(320M) 1.524ms
[1.636s][info][gc] GC(3) Pause Cleanup 44M->44M(320M) 0.004ms
[1.638s][info][gc] GC(3) Concurrent Mark Cycle 13.546ms
[1.962s][info][gc] GC(4) Pause Young (Normal) (G1 Evacuation Pause) 75M->51M(320M) 10.811ms
[2.207s][info][gc] GC(5) Pause Young (Normal) (G1 Evacuation Pause) 83M->57M(320M) 12.930ms
