[0.009s][info][gc] Using G1
[0.915s][info][gc] GC(0) Pause Young (Normal) (G1 Evacuation Pause) 64M->38M(320M) 12.093ms
[1.220s][info][gc] GC(1) Pause Young (Normal) (G1 Evacuation Pause) 70M->40M(320M) 7.083ms
[1.720s][info][gc] GC(2) Pause Young (Concurrent Start) (Metadata GC Threshold) 65M->43M(320M) 7.293ms
[1.720s][info][gc] GC(3) Concurrent Mark Cycle
[1.732s][info][gc] GC(3) Pause Remark 44M->44M(320M) 1.652ms
[1.732s][info][gc] GC(3) Pause Cleanup 44M->44M(320M) 0.004ms
[1.734s][info][gc] GC(3) Concurrent Mark Cycle 14.363ms
[2.062s][info][gc] GC(4) Pause Young (Normal) (G1 Evacuation Pause) 75M->51M(320M) 10.621ms
[2.315s][info][gc] GC(5) Pause Young (Normal) (G1 Evacuation Pause) 83M->57M(320M) 13.993ms
